Archive member included because of file (symbol)

c:/winavr-20100110/bin/../lib/gcc/avr/4.3.3/avr51\libgcc.a(_divmodhi4.o)
                              lcd.o (__divmodhi4)
c:/winavr-20100110/bin/../lib/gcc/avr/4.3.3/avr51\libgcc.a(_exit.o)
                              c:/winavr-20100110/bin/../lib/gcc/avr/4.3.3/../../../../avr/lib/avr51/crtm128.o (exit)
c:/winavr-20100110/bin/../lib/gcc/avr/4.3.3/avr51\libgcc.a(_clear_bss.o)
                              lcd.o (__do_clear_bss)
c:/winavr-20100110/bin/../lib/gcc/avr/4.3.3/avr51\libgcc.a(_udivmodhi4.o)
                              c:/winavr-20100110/bin/../lib/gcc/avr/4.3.3/avr51\libgcc.a(_divmodhi4.o) (__udivmodhi4)

Allocating common symbols
Common symbol       size              file

lcdCacheIdy         0x2               lcd.o
lcdCacheData        0x800             lcd.o
lcdCacheIdx         0x2               lcd.o

Memory Configuration

Name             Origin             Length             Attributes
text             0x00000000         0x00020000         xr
data             0x00800060         0x0000ffa0         rw !x
eeprom           0x00810000         0x00010000         rw !x
fuse             0x00820000         0x00000400         rw !x
lock             0x00830000         0x00000400         rw !x
signature        0x00840000         0x00000400         rw !x
*default*        0x00000000         0xffffffff

Linker script and memory map

Address of section .data set to 0x800100
LOAD c:/winavr-20100110/bin/../lib/gcc/avr/4.3.3/../../../../avr/lib/avr51/crtm128.o
LOAD Harj9.o
LOAD lcd.o
LOAD printhex.o
LOAD c:/winavr-20100110/bin/../lib/gcc/avr/4.3.3/avr51\libgcc.a
LOAD c:/winavr-20100110/bin/../lib/gcc/avr/4.3.3/../../../../avr/lib/avr51\libc.a
LOAD c:/winavr-20100110/bin/../lib/gcc/avr/4.3.3/avr51\libgcc.a

.hash
 *(.hash)

.dynsym
 *(.dynsym)

.dynstr
 *(.dynstr)

.gnu.version
 *(.gnu.version)

.gnu.version_d
 *(.gnu.version_d)

.gnu.version_r
 *(.gnu.version_r)

.rel.init
 *(.rel.init)

.rela.init
 *(.rela.init)

.rel.text
 *(.rel.text)
 *(.rel.text.*)
 *(.rel.gnu.linkonce.t*)

.rela.text
 *(.rela.text)
 *(.rela.text.*)
 *(.rela.gnu.linkonce.t*)

.rel.fini
 *(.rel.fini)

.rela.fini
 *(.rela.fini)

.rel.rodata
 *(.rel.rodata)
 *(.rel.rodata.*)
 *(.rel.gnu.linkonce.r*)

.rela.rodata
 *(.rela.rodata)
 *(.rela.rodata.*)
 *(.rela.gnu.linkonce.r*)

.rel.data
 *(.rel.data)
 *(.rel.data.*)
 *(.rel.gnu.linkonce.d*)

.rela.data
 *(.rela.data)
 *(.rela.data.*)
 *(.rela.gnu.linkonce.d*)

.rel.ctors
 *(.rel.ctors)

.rela.ctors
 *(.rela.ctors)

.rel.dtors
 *(.rel.dtors)

.rela.dtors
 *(.rela.dtors)

.rel.got
 *(.rel.got)

.rela.got
 *(.rela.got)

.rel.bss
 *(.rel.bss)

.rela.bss
 *(.rela.bss)

.rel.plt
 *(.rel.plt)

.rela.plt
 *(.rela.plt)

.text           0x00000000      0xa72
 *(.vectors)
 .vectors       0x00000000       0x8c c:/winavr-20100110/bin/../lib/gcc/avr/4.3.3/../../../../avr/lib/avr51/crtm128.o
                0x00000000                __vectors
                0x00000000                __vector_default
 *(.vectors)
 *(.progmem.gcc*)
 *(.progmem*)
 .progmem.data  0x0000008c      0x1ef lcd.o
                0x0000008c                font5x7
                0x0000027c                . = ALIGN (0x2)
 *fill*         0x0000027b        0x1 00
                0x0000027c                __trampolines_start = .
 *(.trampolines)
 .trampolines   0x0000027c        0x0 linker stubs
 *(.trampolines*)
                0x0000027c                __trampolines_end = .
 *(.jumptables)
 *(.jumptables*)
 *(.lowtext)
 *(.lowtext*)
                0x0000027c                __ctors_start = .
 *(.ctors)
                0x0000027c                __ctors_end = .
                0x0000027c                __dtors_start = .
 *(.dtors)
                0x0000027c                __dtors_end = .
 SORT(*)(.ctors)
 SORT(*)(.dtors)
 *(.init0)
 .init0         0x0000027c        0x0 c:/winavr-20100110/bin/../lib/gcc/avr/4.3.3/../../../../avr/lib/avr51/crtm128.o
                0x0000027c                __init
 *(.init0)
 *(.init1)
 *(.init1)
 *(.init2)
 .init2         0x0000027c        0xc c:/winavr-20100110/bin/../lib/gcc/avr/4.3.3/../../../../avr/lib/avr51/crtm128.o
 *(.init2)
 *(.init3)
 *(.init3)
 *(.init4)
 .init4         0x00000288       0x1a c:/winavr-20100110/bin/../lib/gcc/avr/4.3.3/../../../../avr/lib/avr51/crtm128.o
                0x00000288                __do_copy_data
 .init4         0x000002a2       0x10 c:/winavr-20100110/bin/../lib/gcc/avr/4.3.3/avr51\libgcc.a(_clear_bss.o)
                0x000002a2                __do_clear_bss
 *(.init4)
 *(.init5)
 *(.init5)
 *(.init6)
 *(.init6)
 *(.init7)
 *(.init7)
 *(.init8)
 *(.init8)
 *(.init9)
 .init9         0x000002b2        0x8 c:/winavr-20100110/bin/../lib/gcc/avr/4.3.3/../../../../avr/lib/avr51/crtm128.o
 *(.init9)
 *(.text)
 .text          0x000002ba        0x4 c:/winavr-20100110/bin/../lib/gcc/avr/4.3.3/../../../../avr/lib/avr51/crtm128.o
                0x000002ba                __vector_22
                0x000002ba                __vector_28
                0x000002ba                __vector_1
                0x000002ba                __vector_32
                0x000002ba                __vector_34
                0x000002ba                __vector_24
                0x000002ba                __vector_12
                0x000002ba                __bad_interrupt
                0x000002ba                __vector_6
                0x000002ba                __vector_31
                0x000002ba                __vector_3
                0x000002ba                __vector_23
                0x000002ba                __vector_30
                0x000002ba                __vector_25
                0x000002ba                __vector_11
                0x000002ba                __vector_13
                0x000002ba                __vector_17
                0x000002ba                __vector_19
                0x000002ba                __vector_7
                0x000002ba                __vector_27
                0x000002ba                __vector_5
                0x000002ba                __vector_33
                0x000002ba                __vector_4
                0x000002ba                __vector_9
                0x000002ba                __vector_2
                0x000002ba                __vector_21
                0x000002ba                __vector_15
                0x000002ba                __vector_29
                0x000002ba                __vector_8
                0x000002ba                __vector_26
                0x000002ba                __vector_14
                0x000002ba                __vector_10
                0x000002ba                __vector_16
                0x000002ba                __vector_18
                0x000002ba                __vector_20
 .text          0x000002be      0x32e Harj9.o
                0x000005d0                moveCursor
                0x00000526                drawGrid
                0x0000042c                drawBox
                0x000002be                drawCirc
                0x000005ae                main
                0x000004ac                drawLine
                0x00000578                drawCross
 .text          0x000005ec      0x434 lcd.o
                0x000008ba                lcd_Line_vert
                0x00000640                lcd_base_addr
                0x0000068e                lcd_goto_xy
                0x00000678                lcd_goto_xy_exact
                0x00000736                lcd_chr
                0x000006ac                lcd_pixel
                0x000007ac                lcd_clear
                0x0000093a                lcd_Line_Hor
                0x00000792                lcd_str
                0x00000840                lcd_contrast
                0x00000862                lcd_init
                0x000005ec                lcd_send
 .text          0x00000a20        0x0 printhex.o
 .text          0x00000a20        0x0 c:/winavr-20100110/bin/../lib/gcc/avr/4.3.3/avr51\libgcc.a(_divmodhi4.o)
 .text          0x00000a20        0x0 c:/winavr-20100110/bin/../lib/gcc/avr/4.3.3/avr51\libgcc.a(_exit.o)
 .text          0x00000a20        0x0 c:/winavr-20100110/bin/../lib/gcc/avr/4.3.3/avr51\libgcc.a(_clear_bss.o)
 .text          0x00000a20        0x0 c:/winavr-20100110/bin/../lib/gcc/avr/4.3.3/avr51\libgcc.a(_udivmodhi4.o)
                0x00000a20                . = ALIGN (0x2)
 *(.text.*)
 .text.libgcc   0x00000a20       0x26 c:/winavr-20100110/bin/../lib/gcc/avr/4.3.3/avr51\libgcc.a(_divmodhi4.o)
                0x00000a20                __divmodhi4
                0x00000a20                _div
 .text.libgcc   0x00000a46        0x0 c:/winavr-20100110/bin/../lib/gcc/avr/4.3.3/avr51\libgcc.a(_exit.o)
 .text.libgcc   0x00000a46        0x0 c:/winavr-20100110/bin/../lib/gcc/avr/4.3.3/avr51\libgcc.a(_clear_bss.o)
 .text.libgcc   0x00000a46       0x28 c:/winavr-20100110/bin/../lib/gcc/avr/4.3.3/avr51\libgcc.a(_udivmodhi4.o)
                0x00000a46                __udivmodhi4
                0x00000a6e                . = ALIGN (0x2)
 *(.fini9)
 .fini9         0x00000a6e        0x0 c:/winavr-20100110/bin/../lib/gcc/avr/4.3.3/avr51\libgcc.a(_exit.o)
                0x00000a6e                exit
                0x00000a6e                _exit
 *(.fini9)
 *(.fini8)
 *(.fini8)
 *(.fini7)
 *(.fini7)
 *(.fini6)
 *(.fini6)
 *(.fini5)
 *(.fini5)
 *(.fini4)
 *(.fini4)
 *(.fini3)
 *(.fini3)
 *(.fini2)
 *(.fini2)
 *(.fini1)
 *(.fini1)
 *(.fini0)
 .fini0         0x00000a6e        0x4 c:/winavr-20100110/bin/../lib/gcc/avr/4.3.3/avr51\libgcc.a(_exit.o)
 *(.fini0)
                0x00000a72                _etext = .

.data           0x00800100        0x0 load address 0x00000a72
                0x00800100                PROVIDE (__data_start, .)
 *(.data)
 .data          0x00800100        0x0 c:/winavr-20100110/bin/../lib/gcc/avr/4.3.3/../../../../avr/lib/avr51/crtm128.o
 .data          0x00800100        0x0 Harj9.o
 .data          0x00800100        0x0 lcd.o
 .data          0x00800100        0x0 printhex.o
 .data          0x00800100        0x0 c:/winavr-20100110/bin/../lib/gcc/avr/4.3.3/avr51\libgcc.a(_divmodhi4.o)
 .data          0x00800100        0x0 c:/winavr-20100110/bin/../lib/gcc/avr/4.3.3/avr51\libgcc.a(_exit.o)
 .data          0x00800100        0x0 c:/winavr-20100110/bin/../lib/gcc/avr/4.3.3/avr51\libgcc.a(_clear_bss.o)
 .data          0x00800100        0x0 c:/winavr-20100110/bin/../lib/gcc/avr/4.3.3/avr51\libgcc.a(_udivmodhi4.o)
 *(.data*)
 *(.rodata)
 *(.rodata*)
 *(.gnu.linkonce.d*)
                0x00800100                . = ALIGN (0x2)
                0x00800100                _edata = .
                0x00800100                PROVIDE (__data_end, .)

.bss            0x00800100      0x804
                0x00800100                PROVIDE (__bss_start, .)
 *(.bss)
 .bss           0x00800100        0x0 c:/winavr-20100110/bin/../lib/gcc/avr/4.3.3/../../../../avr/lib/avr51/crtm128.o
 .bss           0x00800100        0x0 Harj9.o
 .bss           0x00800100        0x0 lcd.o
 .bss           0x00800100        0x0 printhex.o
 .bss           0x00800100        0x0 c:/winavr-20100110/bin/../lib/gcc/avr/4.3.3/avr51\libgcc.a(_divmodhi4.o)
 .bss           0x00800100        0x0 c:/winavr-20100110/bin/../lib/gcc/avr/4.3.3/avr51\libgcc.a(_exit.o)
 .bss           0x00800100        0x0 c:/winavr-20100110/bin/../lib/gcc/avr/4.3.3/avr51\libgcc.a(_clear_bss.o)
 .bss           0x00800100        0x0 c:/winavr-20100110/bin/../lib/gcc/avr/4.3.3/avr51\libgcc.a(_udivmodhi4.o)
 *(.bss*)
 *(COMMON)
 COMMON         0x00800100      0x804 lcd.o
                0x00800100                lcdCacheIdy
                0x00800102                lcdCacheData
                0x00800902                lcdCacheIdx
                0x00800904                PROVIDE (__bss_end, .)
                0x00000a72                __data_load_start = LOADADDR (.data)
                0x00000a72                __data_load_end = (__data_load_start + SIZEOF (.data))

.noinit         0x00800904        0x0
                0x00800904                PROVIDE (__noinit_start, .)
 *(.noinit*)
                0x00800904                PROVIDE (__noinit_end, .)
                0x00800904                _end = .
                0x00800904                PROVIDE (__heap_start, .)

.eeprom         0x00810000        0x0
 *(.eeprom*)
                0x00810000                __eeprom_end = .

.fuse
 *(.fuse)
 *(.lfuse)
 *(.hfuse)
 *(.efuse)

.lock
 *(.lock*)

.signature
 *(.signature*)

.stab
 *(.stab)

.stabstr
 *(.stabstr)

.stab.excl
 *(.stab.excl)

.stab.exclstr
 *(.stab.exclstr)

.stab.index
 *(.stab.index)

.stab.indexstr
 *(.stab.indexstr)

.comment
 *(.comment)

.debug
 *(.debug)

.line
 *(.line)

.debug_srcinfo
 *(.debug_srcinfo)

.debug_sfnames
 *(.debug_sfnames)

.debug_aranges  0x00000000       0x40
 *(.debug_aranges)
 .debug_aranges
                0x00000000       0x20 Harj9.o
 .debug_aranges
                0x00000020       0x20 lcd.o

.debug_pubnames
                0x00000000      0x174
 *(.debug_pubnames)
 .debug_pubnames
                0x00000000       0x6b Harj9.o
 .debug_pubnames
                0x0000006b      0x109 lcd.o

.debug_info     0x00000000      0x880
 *(.debug_info)
 .debug_info    0x00000000      0x287 Harj9.o
 .debug_info    0x00000287      0x594 lcd.o
 .debug_info    0x0000081b       0x65 printhex.o
 *(.gnu.linkonce.wi.*)

.debug_abbrev   0x00000000      0x33e
 *(.debug_abbrev)
 .debug_abbrev  0x00000000      0x108 Harj9.o
 .debug_abbrev  0x00000108      0x20c lcd.o
 .debug_abbrev  0x00000314       0x2a printhex.o

.debug_line     0x00000000      0x7d0
 *(.debug_line)
 .debug_line    0x00000000      0x29e Harj9.o
 .debug_line    0x0000029e      0x4f4 lcd.o
 .debug_line    0x00000792       0x3e printhex.o

.debug_frame    0x00000000      0x150
 *(.debug_frame)
 .debug_frame   0x00000000       0x80 Harj9.o
 .debug_frame   0x00000080       0xd0 lcd.o

.debug_str      0x00000000      0x261
 *(.debug_str)
 .debug_str     0x00000000       0xe9 Harj9.o
                                0x127 (size before relaxing)
 .debug_str     0x000000e9      0x16a lcd.o
                                0x214 (size before relaxing)
 .debug_str     0x00000253        0xe printhex.o
                                 0xaf (size before relaxing)

.debug_loc      0x00000000      0x821
 *(.debug_loc)
 .debug_loc     0x00000000      0x3d8 Harj9.o
 .debug_loc     0x000003d8      0x449 lcd.o

.debug_macinfo
 *(.debug_macinfo)
OUTPUT(Harj9.elf elf32-avr)
LOAD linker stubs

.debug_ranges   0x00000000       0x18
 .debug_ranges  0x00000000       0x18 lcd.o
